VBCSCompilerPreWarmer: pre-warm launched (dotnet PID 29640)
VBCSCompiler prewarm took 13.68 ms
[Licensing::Module] Trying to connect to existing licensing client channel...
[Licensing::IpcConnector] Channel LicenseClient-raso8 doesn't exist
Built from '6000.6/respin/6000.6.0f1-fa21a270ab12' branch; Version is '6000.6.0f1 (f7f8ed4d1e24) revision 16251117'; Using compiler version '194234433'; Build Type 'Release'
OS: 'Windows 11  (10.0.26100) IoTEnterpriseS' Language: 'en' Physical Memory: 16085 MB
BatchMode: 1, IsHumanControllingUs: 0, StartBugReporterOnCrash: 0, Is64bit: 1
System  architecture: x64
Process architecture: x64
Date: 2026-09-08T05:47:22Z
[Licensing::Module] Successfully launched the LicensingClient (PId: 23944)

COMMAND LINE ARGUMENTS:
C:\Users\raso8\Unity\Editor\6000.6.0f1\Editor\Unity.exe
-createProject
C:\Users\raso8\Unity\Projects\signal-lost
-quit
-batchmode
-nographics
-logFile
C:\Users\raso8\Unity\Projects\signal-lost\create.log
C:/Users/raso8/Unity/Projects/signal-lost
[UnityMemory] Configuration Parameters - Can be set up in boot.config
    "memorysetup-temp-allocator-size-gi-baking-worker=262144"
    "memorysetup-temp-allocator-size-gi-baking-worker=262144"
    "memorysetup-temp-allocator-size-gi-baking-worker=262144"
    "memorysetup-temp-allocator-size-gi-baking-worker=262144"
    "memorysetup-temp-allocator-size-gi-baking-worker=262144"
    "memorysetup-temp-allocator-size-nav-mesh-worker=65536"
    "memorysetup-temp-allocator-size-audio-worker=65536"
    "memorysetup-temp-allocator-size-cloud-worker=32768"
    "memorysetup-temp-allocator-size-gfx=262144"
    "memorysetup-remapper-allocator-initial-capacity=32768"
    "memorysetup-temp-allocator-size-preload-manager=33554432"
    "memorysetup-allocator-temp-initial-block-size-main=262144"
    "memorysetup-allocator-temp-initial-block-size-worker=262144"
    "memorysetup-temp-allocator-size-job-worker=262144"
    "memorysetup-temp-allocator-size-background-worker=32768"
    "memorysetup-bucket-allocator-granularity=16"
    "memorysetup-bucket-allocator-bucket-count=8"
    "memorysetup-bucket-allocator-block-size=33554432"
    "memorysetup-bucket-allocator-block-count=8"
    "memorysetup-main-allocator-block-size=16777216"
    "memorysetup-thread-allocator-block-size=16777216"
    "memorysetup-main-allocator-mimalloc-enabled=1"
    "memorysetup-gfx-main-allocator-block-size=16777216"
    "memorysetup-gfx-thread-allocator-block-size=16777216"
    "memorysetup-cache-allocator-block-size=4194304"
    "memorysetup-typetree-allocator-block-size=2097152"
    "memorysetup-profiler-bucket-allocator-granularity=16"
    "memorysetup-profiler-bucket-allocator-bucket-count=8"
    "memorysetup-profiler-bucket-allocator-block-size=33554432"
    "memorysetup-profiler-bucket-allocator-block-count=8"
    "memorysetup-profiler-allocator-block-size=16777216"
    "memorysetup-profiler-editor-allocator-block-size=1048576"
    "memorysetup-temp-allocator-size-main=16777216"
    "memorysetup-job-temp-allocator-block-size=2097152"
    "memorysetup-job-temp-allocator-block-size-background=1048576"
    "memorysetup-job-temp-allocator-reduction-small-platforms=262144"
Logging is directed to a specific file, skipping project log.
Player connection [14536]  Target information:

Player connection [14536]  * "[IP] 192.168.100.62 [Port] 55504 [Flags] 2 [Guid] 487258382 [EditorId] 487258382 [Version] 1048832 [Id] WindowsEditor(7,raliqq) [Debug] 1 [PackageName] WindowsEditor [ProjectName] Editor" 

Player connection [14536] Host joined multi-casting on [225.0.0.222:54997]...
Player connection [14536] Host joined alternative multi-casting on [225.0.0.222:34997]...
Input System module state changed to: Initialized.
[Physics::Module] Initialized fallback backend.
[Physics::Module] Id: 0xdecafbad
[Package Manager] Connected to IPC stream "Upm-29096" after 0.5 seconds.
[Licensing::Module] Licensing is not yet initialized.
[Licensing::IpcConnector] Successfully connected to: "LicenseClient-raso8" at "2026-09-08T05:47:24.0376801Z"
[Licensing::Client] Code 10 while verifying Licensing Client signature (process Id: 23944, path: "C:/Users/raso8/Unity/Editor/6000.6.0f1/Editor/Data/Resources/Licensing/Client/Unity.Licensing.Client.exe")
[Licensing::Module] LicensingClient has failed validation; ignoring
[Licensing::Client] Handshaking with LicensingClient:
  Version:                 1.18.3+d7ffd15
  Session Id:              5c64e3c6a69f43318a305b3aae1c00be
  Correlation Id:          17d3006220f4d17aea05f332c36e26c2
  External correlation Id: 668585388670707448
  Machine Id:              /MOh7iiyPT0TOQ8P87eR4suBwzI=
[Licensing::Module] Successfully connected to LicensingClient on channel: "LicenseClient-raso8" (connect: 1.29s, validation: 0.24s, handshake: 0.05s)
[Licensing::IpcConnector] Successfully connected to: "LicenseClient-raso8-notifications" at "2026-09-08T05:47:24.3272828Z"
[Licensing::Module] Connected to LicensingClient (PId: 23944, launch time: 0.04, total connection time: 1.58s)
[Licensing::Module] Error: Access token is unavailable; failed to update
[Licensing::Client] Error: Code 404 while processing request (status: Found 0 entitlement groups and 0 free entitlements matching requested entitlement ids)
[Licensing::Client] Successfully updated license, isAsync: False, time: 0.04
[Licensing::Client] Error: Code 404 while processing request (status: Found 0 entitlement groups and 0 free entitlements matching requested entitlement ids)
[Licensing::Module] Error: 'com.unity.editor.headless' was not found.
[Licensing::Module] Licensing Background thread has ended after 1.68s
[ExitDontLaunchBugReporter] Exiting without the bug reporter. Application will exit with return code 198
